[    0.000000] Linux version 4.10.0-40-generic (buildd@lcy01-amd64-015) (gcc version 6.3.0 20170406 (Ubuntu 6.3.0-12ubuntu2) ) #44-Ubuntu SMP Thu Nov 9 14:48:37 UTC 2017 (Ubuntu 4.10.0-40.44-generic 4.10.17)
[    0.000000] KERNEL supported cpus:
[    0.000000]   Intel GenuineIntel
[    0.000000]   AMD AuthenticAMD
[    0.000000]   NSC Geode by NSC
[    0.000000]   Cyrix CyrixInstead
[    0.000000]   Centaur CentaurHauls
[    0.000000]   Transmeta GenuineTMx86
[    0.000000]   Transmeta TransmetaCPU
[    0.000000]   UMC UMC UMC UMC
[    0.000000] x86/fpu: Supporting XSAVE feature 0x001: 'x87 floating point registers'
[    0.000000] x86/fpu: Supporting XSAVE feature 0x002: 'SSE registers'
[    0.000000] x86/fpu: Supporting XSAVE feature 0x004: 'AVX registers'
[    0.000000] x86/fpu: xstate_offset[2]:  576, xstate_sizes[2]:  256
[    0.000000] x86/fpu: Enabled xstate features 0x7, context size is 832 bytes, using 'standard' format.
[    0.000000] e820: BIOS-provided physical RAM map:
[    0.000000] BIOS-e820: [mem 0x0000000000000000-0x000000000009fbff] usable
[    0.000000] BIOS-e820: [mem 0x000000000009fc00-0x000000000009ffff] reserved
[    0.000000] BIOS-e820: [mem 0x00000000000f0000-0x00000000000fffff] reserved
[    0.000000] BIOS-e820: [mem 0x0000000000100000-0x000000003ffeffff] usable
[    0.000000] BIOS-e820: [mem 0x000000003fff0000-0x000000003fffffff] ACPI data
[    0.000000] BIOS-e820: [mem 0x00000000fec00000-0x00000000fec00fff] reserved
[    0.000000] BIOS-e820: [mem 0x00000000fee00000-0x00000000fee00fff] reserved
[    0.000000] BIOS-e820: [mem 0x00000000fffc0000-0x00000000ffffffff] reserved
[    0.000000] NX (Execute Disable) protection: active
[    0.000000] SMBIOS 2.5 present.
[    0.000000] DMI: innotek GmbH VirtualBox/VirtualBox, BIOS VirtualBox 12/01/2006
[    0.000000] Hypervisor detected: KVM
[    0.000000] e820: last_pfn = 0x3fff0 max_arch_pfn = 0x1000000
[    0.000000] MTRR: Disabled
[    0.000000] x86/PAT: MTRRs disabled, skipping PAT initialization too.
[    0.000000] x86/PAT: Configuration [0-7]: WB  WT  UC- UC  WB  WT  UC- UC  
[    0.000000] CPU MTRRs all blank - virtualized system.
[    0.000000] found SMP MP-table at [mem 0x0009fff0-0x0009ffff] mapped at [c009fff0]
[    0.000000] Scanning 1 areas for low memory corruption
[    0.000000] RAMDISK: [mem 0x369ed000-0x374edfff]
[    0.000000] ACPI: Early table checksum verification disabled
[    0.000000] ACPI: RSDP 0x00000000000E0000 000024 (v02 VBOX  )
[    0.000000] ACPI: XSDT 0x000000003FFF0030 00003C (v01 VBOX   VBOXXSDT 00000001 ASL  00000061)
[    0.000000] ACPI: FACP 0x000000003FFF00F0 0000F4 (v04 VBOX   VBOXFACP 00000001 ASL  00000061)
[    0.000000] ACPI: DSDT 0x000000003FFF0470 0021FF (v02 VBOX   VBOXBIOS 00000002 INTL 20100528)
[    0.000000] ACPI: FACS 0x000000003FFF0200 000040
[    0.000000] ACPI: FACS 0x000000003FFF0200 000040
[    0.000000] ACPI: APIC 0x000000003FFF0240 000054 (v02 VBOX   VBOXAPIC 00000001 ASL  00000061)
[    0.000000] ACPI: SSDT 0x000000003FFF02A0 0001CC (v01 VBOX   VBOXCPUT 00000002 INTL 20100528)
[    0.000000] 131MB HIGHMEM available.
[    0.000000] 891MB LOWMEM available.
[    0.000000]   mapped low ram: 0 - 37bfe000
[    0.000000]   low ram: 0 - 37bfe000
[    0.000000] kvm-clock: Using msrs 4b564d01 and 4b564d00
[    0.000000] kvm-clock: cpu 0, msr 0:37bfd001, primary cpu clock
[    0.000000] kvm-clock: using sched offset of 10590143956 cycles
[    0.000000] clocksource: kvm-clock: mask: 0xffffffffffffffff max_cycles: 0x1cd42e4dffb, max_idle_ns: 881590591483 ns
[    0.000000] Zone ranges:
[    0.000000]   DMA      [mem 0x0000000000001000-0x0000000000ffffff]
[    0.000000]   Normal   [mem 0x0000000001000000-0x0000000037bfdfff]
[    0.000000]   HighMem  [mem 0x0000000037bfe000-0x000000003ffeffff]
[    0.000000] Movable zone start for each node
[    0.000000] Early memory node ranges
[    0.000000]   node   0: [mem 0x0000000000001000-0x000000000009efff]
[    0.000000]   node   0: [mem 0x0000000000100000-0x000000003ffeffff]
[    0.000000] Initmem setup node 0 [mem 0x0000000000001000-0x000000003ffeffff]
[    0.000000] Using APIC driver default
[    0.000000] ACPI: PM-Timer IO Port: 0x4008
[    0.000000] IOAPIC[0]: apic_id 1, version 32, address 0xfec00000, GSI 0-23
[    0.000000] ACPI: INT_SRC_OVR (bus 0 bus_irq 0 global_irq 2 dfl dfl)
[    0.000000] ACPI: INT_SRC_OVR (bus 0 bus_irq 9 global_irq 9 low level)
[    0.000000] Using ACPI (MADT) for SMP configuration information
[    0.000000] smpboot: Allowing 1 CPUs, 0 hotplug CPUs
[    0.000000] PM: Registered nosave memory: [mem 0x00000000-0x00000fff]
[    0.000000] PM: Registered nosave memory: [mem 0x0009f000-0x0009ffff]
[    0.000000] PM: Registered nosave memory: [mem 0x000a0000-0x000effff]
[    0.000000] PM: Registered nosave memory: [mem 0x000f0000-0x000fffff]
[    0.000000] e820: [mem 0x40000000-0xfebfffff] available for PCI devices
[    0.000000] Booting paravirtualized kernel on KVM
[    0.000000] clocksource: refined-jiffies: mask: 0xffffffff max_cycles: 0xffffffff, max_idle_ns: 7645519600211568 ns
[    0.000000] setup_percpu: NR_CPUS:8 nr_cpumask_bits:8 nr_cpu_ids:1 nr_node_ids:1
[    0.000000] percpu: Embedded 21 pages/cpu @f76e5000 s55052 r0 d30964 u86016
[    0.000000] PV qspinlock hash table entries: 512 (order: 0, 4096 bytes)
[    0.000000] Built 1 zonelists in Zone order, mobility grouping on.  Total pages: 259800
[    0.000000] Kernel command line: BOOT_IMAGE=/boot/vmlinuz-4.10.0-40-generic root=LABEL=cloudimg-rootfs ro console=tty1 console=ttyS0
[    0.000000] PID hash table entries: 4096 (order: 2, 16384 bytes)
[    0.000000] Dentry cache hash table entries: 131072 (order: 7, 524288 bytes)
[    0.000000] Inode-cache hash table entries: 65536 (order: 6, 262144 bytes)
[    0.000000] Initializing CPU#0
[    0.000000] Initializing HighMem for node 0 (00037bfe:0003fff0)
[    0.000000] Initializing Movable for node 0 (00000000:00000000)
[    0.000000] Memory: 1010476K/1048120K available (8459K kernel code, 870K rwdata, 3200K rodata, 1008K init, 916K bss, 37644K reserved, 0K cma-reserved, 135112K highmem)
[    0.000000] virtual kernel memory layout:
[    0.000000]     fixmap  : 0xfff15000 - 0xfffff000   ( 936 kB)
[    0.000000]     pkmap   : 0xffc00000 - 0xffe00000   (2048 kB)
[    0.000000]     vmalloc : 0xf83fe000 - 0xffbfe000   ( 120 MB)
[    0.000000]     lowmem  : 0xc0000000 - 0xf7bfe000   ( 891 MB)
[    0.000000]       .init : 0xd3c40000 - 0xd3d3c000   (1008 kB)
[    0.000000]       .data : 0xd3842e5f - 0xd3c3e940   (4078 kB)
[    0.000000]       .text : 0xd3000000 - 0xd3842e5f   (8459 kB)
[    0.000000] Checking if this processor honours the WP bit even in supervisor mode...Ok.
[    0.000000] SLUB: HWalign=64, Order=0-3, MinObjects=0, CPUs=1, Nodes=1
[    0.000000] Hierarchical RCU implementation.
[    0.000000] 	Build-time adjustment of leaf fanout to 32.
[    0.000000] 	RCU restricting CPUs from NR_CPUS=8 to nr_cpu_ids=1.
[    0.000000] RCU: Adjusting geometry for rcu_fanout_leaf=32, nr_cpu_ids=1
[    0.000000] NR_IRQS:2304 nr_irqs:256 16
[    0.000000] Console: colour VGA+ 80x25
[    0.000000] console [tty1] enabled
[    0.000000] console [ttyS0] enabled
[    0.000000] allocated 1048576 bytes of page_ext
[    0.000000] tsc: Detected 2394.452 MHz processor
[    4.489181] Calibrating delay loop (skipped) preset value.. 4788.90 BogoMIPS (lpj=9577808)
[    4.544611] pid_max: default: 32768 minimum: 301
[    4.575149] ACPI: Core revision 20160930
[    4.602817] ACPI: 2 ACPI AML tables successfully acquired and loaded
[    4.640159] Security Framework initialized
[    4.668069] Yama: becoming mindful.
[    4.692677] AppArmor: AppArmor initialized
[    4.720354] Mount-cache hash table entries: 2048 (order: 1, 8192 bytes)
[    4.759160] Mountpoint-cache hash table entries: 2048 (order: 1, 8192 bytes)
[    4.801667] CPU: Physical Processor ID: 0
[    4.828648] mce: CPU supports 0 MCE banks
[    4.857348] process: using mwait in idle threads
[    4.888745] Last level iTLB entries: 4KB 1024, 2MB 1024, 4MB 1024
[    4.925711] Last level dTLB entries: 4KB 1024, 2MB 1024, 4MB 1024, 1GB 4
[    4.975279] Freeing SMP alternatives memory: 32K
[    5.006733] ftrace: allocating 33263 entries in 65 pages
[    5.058359] smpboot: Max logical packages: 1
[    5.087072] Enabling APIC mode:  Flat.  Using 1 I/O APICs
[    5.165581] ..TIMER: vector=0x30 apic1=0 pin1=2 apic2=-1 pin2=-1
[    5.315722] smpboot: CPU0: Intel(R) Core(TM) i5-4210U CPU @ 1.70GHz (family: 0x6, model: 0x45, stepping: 0x1)
[    5.375803] Performance Events: unsupported p6 CPU model 69 no PMU driver, software events only.
[    5.431227] KVM setup paravirtual spinlock
[    5.459950] smp: Bringing up secondary CPUs ...
[    5.489708] smp: Brought up 1 node, 1 CPU
[    5.519126] smpboot: Total of 1 processors activated (4788.90 BogoMIPS)
[    5.570951] devtmpfs: initialized
[    5.595523] evm: security.selinux
[    5.620346] evm: security.SMACK64
[    5.643350] evm: security.SMACK64EXEC
[    5.669502] evm: security.SMACK64TRANSMUTE
[    5.696743] evm: security.SMACK64MMAP
[    5.722400] evm: security.ima
[    5.745013] evm: security.capability
[    5.769956] clocksource: jiffies: mask: 0xffffffff max_cycles: 0xffffffff, max_idle_ns: 7645041785100000 ns
[    5.827596] futex hash table entries: 256 (order: 2, 16384 bytes)
[    5.863877] pinctrl core: initialized pinctrl subsystem
[    5.897832] RTC time:  8:35:26, date: 12/05/17
[    5.925916] NET: Registered protocol family 16
[    5.954832] EISA bus registered
[    5.978067] cpuidle: using governor ladder
[    6.005009] cpuidle: using governor menu
[    6.031845] PCCT header not found.
[    6.056048] ACPI: bus type PCI registered
[    6.083227] acpiphp: ACPI Hot Plug PCI Controller Driver version: 0.5
[    6.123388] PCI : PCI BIOS area is rw and x. Use pci=nobios if you want it NX.
[    6.171239] PCI: PCI BIOS revision 2.10 entry at 0xfda26, last bus=0
[    6.208859] PCI: Using configuration type 1 for base access
[    6.243567] HugeTLB registered 2 MB page size, pre-allocated 0 pages
[    6.281803] ACPI: Added _OSI(Module Device)
[    6.310117] ACPI: Added _OSI(Processor Device)
[    6.339305] ACPI: Added _OSI(3.0 _SCP Extensions)
[    6.371541] ACPI: Added _OSI(Processor Aggregator Device)
[    6.412008] ACPI: Executed 1 blocks of module-level executable AML code
[    6.459209] ACPI: Interpreter enabled
[    6.484809] ACPI: (supports S0 S5)
[    6.508401] ACPI: Using IOAPIC for interrupt routing
[    6.541106] PCI: Using host bridge windows from ACPI; if necessary, use "pci=nocrs" and report a bug
[    6.640469] ACPI: PCI Root Bridge [PCI0] (domain 0000 [bus 00-ff])
[    6.678179] acpi PNP0A03:00: _OSC: OS supports [ASPM ClockPM Segments MSI]
[    6.718367] acpi PNP0A03:00: _OSC: not requesting OS control; OS requires [ExtendedConfig ASPM ClockPM MSI]
[    6.775960] acpi PNP0A03:00: fail to add MMCONFIG information, can't access extended PCI configuration space under this bridge.
[    6.846399] PCI host bridge to bus 0000:00
[    6.873921] pci_bus 0000:00: root bus resource [io  0x0000-0x0cf7 window]
[    6.912344] pci_bus 0000:00: root bus resource [io  0x0d00-0xffff window]
[    6.950915] pci_bus 0000:00: root bus resource [mem 0x000a0000-0x000bffff window]
[    6.998445] pci_bus 0000:00: root bus resource [mem 0x40000000-0xfdffffff window]
[    7.045822] pci_bus 0000:00: root bus resource [bus 00-ff]
[    7.408312] pci 0000:00:01.1: legacy IDE quirk: reg 0x10: [io  0x01f0-0x01f7]
[    7.447563] pci 0000:00:01.1: legacy IDE quirk: reg 0x14: [io  0x03f6]
[    7.485195] pci 0000:00:01.1: legacy IDE quirk: reg 0x18: [io  0x0170-0x0177]
[    7.526653] pci 0000:00:01.1: legacy IDE quirk: reg 0x1c: [io  0x0376]
[    7.720906] pci 0000:00:07.0: quirk: [io  0x4000-0x403f] claimed by PIIX4 ACPI
[    7.767532] pci 0000:00:07.0: quirk: [io  0x4100-0x410f] claimed by PIIX4 SMB
[    7.862604] ACPI: PCI Interrupt Link [LNKA] (IRQs 5 9 10 *11)
[    7.900020] ACPI: PCI Interrupt Link [LNKB] (IRQs 5 9 *10 11)
[    7.937144] ACPI: PCI Interrupt Link [LNKC] (IRQs 5 *9 10 11)
[    7.972118] ACPI: PCI Interrupt Link [LNKD] (IRQs 5 9 10 *11)
[    8.009467] ACPI: Enabled 2 GPEs in block 00 to 07
[    8.050952] SCSI subsystem initialized
[    8.076606] pci 0000:00:02.0: vgaarb: setting as boot VGA device
[    8.112250] pci 0000:00:02.0: vgaarb: VGA device added: decodes=io+mem,owns=io+mem,locks=none
[    8.165169] pci 0000:00:02.0: vgaarb: bridge control possible
[    8.199728] vgaarb: loaded
[    8.221340] ACPI: bus type USB registered
[    8.248814] usbcore: registered new interface driver usbfs
[    8.282951] usbcore: registered new interface driver hub
[    8.315967] usbcore: registered new device driver usb
[    8.348219] PCI: Using ACPI for IRQ routing
[    8.382022] NetLabel: Initializing
[    8.405972] NetLabel:  domain hash size = 128
[    8.434201] NetLabel:  protocols = UNLABELED CIPSOv4 CALIPSO
[    8.468697] NetLabel:  unlabeled traffic allowed by default
[    8.502697] clocksource: Switched to clocksource kvm-clock
[    8.550191] VFS: Disk quotas dquot_6.6.0
[    8.576082] VFS: Dquot-cache hash table entries: 1024 (order 0, 4096 bytes)
[    8.616058] AppArmor: AppArmor Filesystem Enabled
[    8.646079] pnp: PnP ACPI init
[    8.679863] pnp: PnP ACPI: found 3 devices
[    8.708537] PnPBIOS: Disabled by ACPI PNP
[    8.783221] clocksource: acpi_pm: mask: 0xffffff max_cycles: 0xffffff, max_idle_ns: 2085701024 ns
[    8.836631] NET: Registered protocol family 2
[    8.865485] TCP established hash table entries: 8192 (order: 3, 32768 bytes)
[    8.905568] TCP bind hash table entries: 8192 (order: 4, 65536 bytes)
[    8.942594] TCP: Hash tables configured (established 8192 bind 8192)
[    8.980838] UDP hash table entries: 512 (order: 2, 16384 bytes)
[    9.015523] UDP-Lite hash table entries: 512 (order: 2, 16384 bytes)
[    9.052624] NET: Registered protocol family 1
[    9.080703] pci 0000:00:00.0: Limiting direct PCI/PCI transfers
[    9.116200] pci 0000:00:01.0: Activating ISA DMA hang workarounds
[    9.153560] pci 0000:00:02.0: Video device with shadowed ROM at [mem 0x000c0000-0x000dffff]
[    9.207652] Unpacking initramfs...
[   12.338347] Freeing initrd memory: 11268K
[   12.365200] platform rtc_cmos: registered platform RTC device (no PNP device found)
[   12.413909] Scanning for low memory corruption every 60 seconds
[   12.451228] audit: initializing netlink subsys (disabled)
[   12.485822] Initialise system trusted keyrings
[   12.515834] audit: type=2000 audit(1512462937.689:1): initialized
[   12.552048] workingset: timestamp_bits=14 max_order=18 bucket_order=4
[   12.590214] zbud: loaded
[   12.611593] squashfs: version 4.0 (2009/01/31) Phillip Lougher
[   12.647357] fuse init (API version 7.26)
[   12.675239] Key type asymmetric registered
[   12.701834] Asymmetric key parser 'x509' registered
[   12.732883] bounce: pool size: 64 pages
[   12.759176] Block layer SCSI generic (bsg) driver version 0.4 loaded (major 248)
[   12.806708] io scheduler noop registered
[   12.835078] io scheduler deadline registered
[   12.864176] io scheduler cfq registered (default)
[   12.895224] ACPI: AC Adapter [AC] (on-line)
[   12.925058] input: Power Button as /devices/LNXSYSTM:00/LNXPWRBN:00/input/input0
[   12.974250] ACPI: Power Button [PWRF]
[   13.006569] input: Sleep Button as /devices/LNXSYSTM:00/LNXSLPBN:00/input/input1
[   13.058730] ACPI: Sleep Button [SLPF]
[   13.092057] GHES: HEST is not enabled!
[   13.117612] isapnp: Scanning for PnP cards...
[   13.159992] ACPI: Battery Slot [BAT0] (battery present)
[   13.192992] Serial: 8250/16550 driver, 32 ports, IRQ sharing enabled
[   13.554336] 00:02: ttyS0 at I/O 0x3f8 (irq = 4, base_baud = 115200) is a 16550A
[   13.684221] Linux agpgart interface v0.103
[   13.715928] loop: module loaded
[   13.808873] scsi host0: ata_piix
[   13.832883] scsi host1: ata_piix
[   13.857577] ata1: PATA max UDMA/33 cmd 0x1f0 ctl 0x3f6 bmdma 0xd000 irq 14
[   13.898758] ata2: PATA max UDMA/33 cmd 0x170 ctl 0x376 bmdma 0xd008 irq 15
[   14.036664] libphy: Fixed MDIO Bus: probed
[   14.069873] tun: Universal TUN/TAP device driver, 1.6
[   14.108229] tun: (C) 1999-2004 Max Krasnyansky <maxk@qualcomm.com>
[   14.295112] isapnp: No Plug & Play device found
[   14.323331] PPP generic driver version 2.4.2
[   14.353352] ehci_hcd: USB 2.0 'Enhanced' Host Controller (EHCI) Driver
[   14.393072] ehci-pci: EHCI PCI platform driver
[   14.429974] ehci-platform: EHCI generic platform driver
[   14.463557] ohci_hcd: USB 1.1 'Open' Host Controller (OHCI) Driver
[   14.501233] ohci-pci: OHCI PCI platform driver
[   14.533033] ohci-platform: OHCI generic platform driver
[   14.565423] uhci_hcd: USB Universal Host Controller Interface driver
[   14.603872] i8042: PNP: PS/2 Controller [PNP0303:PS2K,PNP0f03:PS2M] at 0x60,0x64 irq 1,12
[   14.668048] serio: i8042 KBD port at 0x60,0x64 irq 1
[   14.701308] serio: i8042 AUX port at 0x60,0x64 irq 12
[   14.733736] mousedev: PS/2 mouse device common for all mice
[   14.774338] input: AT Translated Set 2 keyboard as /devices/platform/i8042/serio0/input/input2
[   14.836320] rtc_cmos rtc_cmos: rtc core: registered rtc_cmos as rtc0
[   14.880768] rtc_cmos rtc_cmos: alarms up to one day, 114 bytes nvram
[   14.927668] i2c /dev entries driver
[   14.959531] device-mapper: uevent: version 1.0.3
[   14.990856] device-mapper: ioctl: 4.35.0-ioctl (2016-06-23) initialised: dm-devel@redhat.com
[   15.044957] platform eisa.0: Probing EISA bus 0
[   15.075710] platform eisa.0: EISA: Cannot allocate resource for mainboard
[   15.116185] platform eisa.0: Cannot allocate resource for EISA slot 1
[   15.161749] platform eisa.0: Cannot allocate resource for EISA slot 2
[   15.204823] platform eisa.0: Cannot allocate resource for EISA slot 3
[   15.242978] platform eisa.0: Cannot allocate resource for EISA slot 4
[   15.286136] platform eisa.0: Cannot allocate resource for EISA slot 5
[   15.327497] platform eisa.0: Cannot allocate resource for EISA slot 6
[   15.365482] platform eisa.0: Cannot allocate resource for EISA slot 7
[   15.403309] platform eisa.0: Cannot allocate resource for EISA slot 8
[   15.441133] platform eisa.0: EISA: Detected 0 cards
[   15.474146] cpufreq_nforce2: No nForce2 chipset
[   15.504942] ledtrig-cpu: registered to indicate activity on CPUs
[   15.541235] NET: Registered protocol family 10
[   15.574173] Segment Routing with IPv6
[   15.599640] NET: Registered protocol family 17
[   15.628370] Key type dns_resolver registered
[   15.656308] Using IPI No-Shortcut mode
[   15.682243] registered taskstats version 1
[   15.711387] Loading compiled-in X.509 certificates
[   15.748307] Loaded X.509 cert 'Build time autogenerated kernel key: dbd578ec7f7f1f7b23c50b56abf301d083417af9'
[   15.807328] zswap: loaded using pool lzo/zbud
[   15.851014] Key type big_key registered
[   15.876542] Key type trusted registered
[   15.905349] Key type encrypted registered
[   15.931136] AppArmor: AppArmor sha1 policy hashing enabled
[   15.964521] ima: No TPM chip found, activating TPM-bypass! (rc=-19)
[   16.001121] evm: HMAC attrs: 0x1
[   16.028521]   Magic number: 13:288:573
[   16.056371] rtc_cmos rtc_cmos: setting system clock to 2017-12-05 08:35:36 UTC (1512462936)
[   16.110530] BIOS EDD facility v0.16 2004-Jun-25, 0 devices found
[   16.146250] EDD information not available.
[   16.185658] Freeing unused kernel memory: 1008K
[   16.221349] Write protecting the kernel text: 8460k
[   16.256308] Write protecting the kernel read-only data: 3208k
[   16.291747] NX-protecting the kernel data: 5876k
[   16.321724] ------------[ cut here ]------------
[   16.352048] WARNING: CPU: 0 PID: 1 at /build/linux-tUXH68/linux-4.10.0/arch/x86/mm/dump_pagetables.c:226 note_page+0x6a1/0x880
[   16.417944] x86/mm: Found insecure W+X mapping at address c00a0000/0xc00a0000
[   16.459055] Modules linked in:
[   16.481628] CPU: 0 PID: 1 Comm: swapper/0 Not tainted 4.10.0-40-generic #44-Ubuntu
[   16.532916] Hardware name: innotek GmbH VirtualBox/VirtualBox, BIOS VirtualBox 12/01/2006
[   16.584601] Call Trace:
[   16.604894]  dump_stack+0x58/0x73
[   16.629343]  __warn+0xea/0x110
[   16.653529]  ? note_page+0x6a1/0x880
[   16.678571]  warn_slowpath_fmt+0x46/0x60
[   16.705310]  note_page+0x6a1/0x880
[   16.732661]  ptdump_walk_pgd_level_core+0x1f5/0x2f0
[   16.765249]  ptdump_walk_pgd_level_checkwx+0x16/0x20
[   16.797788]  mark_rodata_ro+0xfd/0x130
[   16.825056]  ? rest_init+0x70/0x70
[   16.851868]  kernel_init+0x2c/0x100
[   16.879350]  ? schedule_tail+0x11/0x50
[   16.906418]  ? rest_init+0x70/0x70
[   16.932302]  ret_from_fork+0x21/0x2c
[   16.958585] ---[ end trace a8372c451023f612 ]---
[   16.990265] x86/mm: Checked W+X mappings: FAILED, 96 W+X pages found.
Loading, please wait...
starting version 232
[   17.074906] random: udevadm: uninitialized urandom read (16 bytes read)
[   17.114517] random: systemd-udevd: uninitialized urandom read (16 bytes read)
[   17.159127] random: systemd-udevd: uninitialized urandom read (16 bytes read)
[   17.214386] random: udevadm: uninitialized urandom read (16 bytes read)
[   17.258336] random: systemd-udevd: uninitialized urandom read (16 bytes read)
[   17.306873] random: udevadm: uninitialized urandom read (16 bytes read)
[   17.667708] random: udevadm: uninitialized urandom read (16 bytes read)
[   17.706494] random: udevadm: uninitialized urandom read (16 bytes read)
[   17.744973] random: udevadm: uninitialized urandom read (16 bytes read)
[   17.784759] random: udevadm: uninitialized urandom read (16 bytes read)
[   17.900453] Fusion MPT base driver 3.04.20
[   17.928223] Copyright (c) 1999-2008 LSI Corporation
[   18.001311] e1000: Intel(R) PRO/1000 Network Driver - version 7.3.21-k8-NAPI
[   18.042783] e1000: Copyright (c) 1999-2006 Intel Corporation.
[   18.153393] Fusion MPT SPI Host driver 3.04.20
[   18.403143] input: ImExPS/2 Generic Explorer Mouse as /devices/platform/i8042/serio1/input/input4
[   20.598366] e1000 0000:00:03.0 eth0: (PCI:33MHz:32-bit) 02:b4:b1:9c:6c:e1
[   20.637073] e1000 0000:00:03.0 eth0: Intel(R) PRO/1000 Network Connection
[   20.686730] e1000 0000:00:03.0 enp0s3: renamed from eth0
[   20.726165] mptbase: ioc0: Initiating bringup
[   20.861277] ioc0: LSI53C1030 A0: Capabilities={Initiator}
[   21.160670] scsi host2: ioc0: LSI53C1030 A0, FwRev=00000000h, Ports=1, MaxQ=256, IRQ=20
[   21.236164] floppy0: no floppy controllers found
[   21.420970] scsi 2:0:0:0: Direct-Access     VBOX     HARDDISK         1.0  PQ: 0 ANSI: 5
[   21.498494] scsi target2:0:0: Beginning Domain Validation
[   21.556776] scsi target2:0:0: Domain Validation skipping write tests
[   21.594816] scsi target2:0:0: Ending Domain Validation
[   21.628194] scsi target2:0:0: asynchronous
[   21.661499] scsi 2:0:1:0: Direct-Access     VBOX     HARDDISK         1.0  PQ: 0 ANSI: 5
[   21.713988] scsi target2:0:1: Beginning Domain Validation
[   21.762035] scsi target2:0:1: Domain Validation skipping write tests
[   21.800923] scsi target2:0:1: Ending Domain Validation
[   21.835590] scsi target2:0:1: asynchronous
[   21.865313] random: fast init done
[   21.913189] sd 2:0:0:0: Attached scsi generic sg0 type 0
[   21.947830] sd 2:0:0:0: [sda] 20971520 512-byte logical blocks: (10.7 GB/10.0 GiB)
[   22.001153] sd 2:0:1:0: [sdb] 20480 512-byte logical blocks: (10.5 MB/10.0 MiB)
[   22.051024] sd 2:0:1:0: Attached scsi generic sg1 type 0
[   22.086271] sd 2:0:0:0: [sda] Write Protect is off
[   22.118444] sd 2:0:1:0: [sdb] Write Protect is off
[   22.150288] sd 2:0:0:0: [sda] Incomplete mode parameter data
[   22.185341] sd 2:0:0:0: [sda] Assuming drive cache: write through
[   22.226290] sd 2:0:1:0: [sdb] Incomplete mode parameter data
[   22.262164] sd 2:0:1:0: [sdb] Assuming drive cache: write through
[   22.319798]  sda: sda1
[   22.346448] sd 2:0:1:0: [sdb] Attached SCSI disk
[   22.377133] sd 2:0:0:0: [sda] Attached SCSI disk
Begin: Loading essential drivers ... [   32.627110] raid6: mmxx1    gen()  3914 MB/s
[   32.699252] raid6: mmxx2    gen()  3584 MB/s
[   32.783020] raid6: sse1x1   gen()  2132 MB/s
[   32.863498] raid6: sse1x2   gen()  3027 MB/s
[   32.943481] raid6: sse2x1   gen()  4370 MB/s
[   33.023055] raid6: sse2x1   xor()  3480 MB/s
[   33.099136] raid6: sse2x2   gen()  6401 MB/s
[   33.179270] raid6: sse2x2   xor()  4564 MB/s
[   33.259589] raid6: avx2x1   gen()  8473 MB/s
[   33.343511] raid6: avx2x1   xor()  5509 MB/s
[   33.419941] raid6: avx2x2   gen()  8832 MB/s
[   33.503035] raid6: avx2x2   xor()  5967 MB/s
[   33.536122] raid6: using algorithm avx2x2 gen() 8832 MB/s
[   33.578855] raid6: .... xor() 5967 MB/s, rmw enabled
[   33.614545] raid6: using avx2x1 recovery algorithm
[   33.659724] xor: automatically using best checksumming function   avx       
[   33.713235] async_tx: api initialized (async)
done.
Begin: Running /scripts/init-premount ... done.
Begin: Mounting root file system ... Begin: Running /scripts/local-top ... done.
Begin: Running /scripts/local-premount ... [   33.942863] Btrfs loaded, crc32c=crc32c-intel
Scanning for Btrfs filesystems
done.
Warning: fsck not present, so skipping root file system
[   34.164877] EXT4-fs (sda1): INFO: recovery required on readonly filesystem
[   34.211997] EXT4-fs (sda1): write access will be enabled during recovery
[   35.209180] EXT4-fs (sda1): recovery complete
[   35.256229] EXT4-fs (sda1): mounted filesystem with ordered data mode. Opts: (null)
done.
Begin: Running /scripts/local-bottom ... done.
Begin: Running /scripts/init-bottom ... /scripts/init-bottom/plymouth: line 18: /bin/plymouth: not found
done.
[   36.404050] random: crng init done
[   36.442078] ip_tables: (C) 2000-2006 Netfilter Core Team
[   36.551510] systemd[1]: systemd 232 running in system mode. (+PAM +AUDIT +SELINUX +IMA +APPARMOR +SMACK +SYSVINIT +UTMP +LIBCRYPTSETUP +GCRYPT +GNUTLS +ACL +XZ +LZ4 +SECCOMP +BLKID +ELFUTILS +KMOD +IDN)
[   36.675663] systemd[1]: Detected virtualization oracle.
[   36.714517] systemd[1]: Detected architecture x86.

Welcome to [1mUbuntu 17.04[0m!

[   36.810311] systemd[1]: Set hostname to <ubuntu-zesty>.
[   38.098656] systemd[1]: Listening on udev Control Socket.
[[0;32m  OK  [0m] Listening on udev Control Socket.
[   38.168323] systemd[1]: Listening on /dev/initctl Compatibility Named Pipe.
[[0;32m  OK  [0m] Listening on /dev/initctl Compatibility Named Pipe.
[   38.250603] systemd[1]: Reached target User and Group Name Lookups.
[[0;32m  OK  [0m] Reached target User and Group Name Lookups.
[   38.327929] systemd[1]: Listening on Journal Socket.
[[0;32m  OK  [0m] Listening on Journal Socket.
[   38.395748] systemd[1]: Created slice System Slice.
[[0;32m  OK  [0m] Created slice System Slice.
[   38.462426] systemd[1]: Starting Uncomplicated firewall...
         Starting Uncomplicated firewall...
         Starting Set the console keyboard layout...
[[0;32m  OK  [0m] Created slice system-serial\x2dgetty.slice.
[[0;32m  OK  [0m] Listening on udev Kernel Socket.
[[0;32m  OK  [0m] Listening on LVM2 metadata daemon socket.
[[0;32m  OK  [0m] Started Forward Password Requests to Wall Directory Watch.
[[0;32m  OK  [0m] Created slice User and Session Slice.
[[0;32m  OK  [0m] Reached target Slices.
         Mounting POSIX Message Queue File System...
         Starting Create list of required stâ€¦ce nodes for the current kernel...
[[0;32m  OK  [0m] Listening on Journal Socket (/dev/log).
         Starting Nameserver information manager...
         Mounting Huge Pages File System...
[[0;32m  OK  [0m] Listening on LVM2 poll daemon socket.
[[0;32m  OK  [0m] Listening on Device-mapper event daemon FIFOs.
         Starting Monitoring of LVM2 mirrorsâ€¦ng dmeventd or progress polling...
[[0;32m  OK  [0m] Listening on Syslog Socket.
         Starting Remount Root and Kernel File Systems...
         Starting Load Kernel Modules...
[[0;32m  OK  [0m] Listening on Journal Audit Socket.
[   39.299492] EXT4-fs (sda1): re-mounted. Opts: (null)
         Starting Journal Service...
         Mounting Debug File System...
[[0;32m  OK  [0m] Reached target Swap.
[[0;32m  OK  [0m] Set up automount Arbitrary Executabâ€¦rmats File System Automount Point.
[   39.506988] Loading iSCSI transport class v2.0-870.
[[0;32m  OK  [0m] Mounted POSIX Message Queue File System.
[   39.646465] iscsi: registered transport (tcp)
[[0;32m  OK  [0m] Mounted Huge Pages File System.
[[0;32m  OK  [0m] Mounted Debug File System.
[[0;32m  OK  [0m] Started Journal Service.
[[0;32m  OK  [0m] Started Uncomplicated firewall.
[[0;32m  OK  [0m] Started Create list of required staâ€¦vice nodes for the current kernel.
[   39.930319] iscsi: registered transport (iser)
[[0;32m  OK  [0m] Started Remount Root and Kernel File Systems.
[[0;32m  OK  [0m] Started Load Kernel Modules.
[[0;32m  OK  [0m] Started Nameserver information manager.
[[0;32m  OK  [0m] Started LVM2 metadata daemon.
         Mounting FUSE Control File System...
         Starting Apply Kernel Variables...
         Mounting Configuration File System...
         Starting udev Coldplug all Devices...
         Starting Load/Save Random Seed...
         Starting Initial cloud-init job (pre-networking)...
         Starting Create Static Device Nodes in /dev...
         Starting Flush Journal to Persistent Storage...
[[0;32m  OK  [0m] Mounted FUSE Control File System.
[[0;32m  OK  [0m] Mounted Configuration File System.
[[0;32m  OK  [0m] Started Monitoring of LVM2 mirrors,â€¦sing dmeventd or progress polling.
[[0;32m  OK  [0m] Started Apply Kernel Variables.
[[0;32m  OK  [0m] Started udev Coldplug all Devices.
[[0;32m  OK  [0m] Started Load/Save Random Seed.
[[0;32m  OK  [0m] Started Create Static Device Nodes in /dev.
         Starting udev Kernel Device Manager...
[[0;32m  OK  [0m] Started Flush Journal to Persistent Storage.
[[0;32m  OK  [0m] Started Set the console keyboard layout.
[[0;32m  OK  [0m] Started udev Kernel Device Manager.
[[0;32m  OK  [0m] Started Dispatch Password Requests to Console Directory Watch.
[[0;32m  OK  [0m] Reached target Encrypted Volumes.
[[0;32m  OK  [0m] Reached target Local File Systems (Pre).
[[0;32m  OK  [0m] Reached target Local File Systems.
         Starting Tell Plymouth To Write Out Runtime Data...
         Starting Set console font and keymap...
         Starting AppArmor initialization...
         Starting Create Volatile Files and Directories...
         Starting ebtables ruleset management...
[[0;32m  OK  [0m] Started Tell Plymouth To Write Out Runtime Data.
[[0;32m  OK  [0m] Started Set console font and keymap.
[[0;32m  OK  [0m] Started Create Volatile Files and Directories.
[[0;32m  OK  [0m] Reached target System Time Synchronized.
         Starting Update UTMP about System Boot/Shutdown...
[[0;32m  OK  [0m] Started Update UTMP about System Boot/Shutdown.
[[0;32m  OK  [0m] Started ebtables ruleset management.
[[0;32m  OK  [0m] Found device /dev/ttyS0.
[[0;32m  OK  [0m] Found device 82540EM Gigabit Ethernâ€¦ler (PRO/1000 MT Desktop Adapter).
[[0;32m  OK  [0m] Started AppArmor initialization.
[[0;32m  OK  [0m] Listening on Load/Save RF Kill Switch Status /dev/rfkill Watch.
[   39.846251] [[0;32m  OK  [0mcloud-init] Started Initial cloud-init job (pre-networking).[457]: Cloud-init v. 17.1 running 'init-local' at Tue, 05 Dec 2017 08:36:07 +0000. Up 39.16 seconds.
[[0;32m  OK  [0m] Reached target Network (Pre).

[[0;32m  OK  [0m] Started ifup for enp0s3.
         Starting Raise network interfaces...
[[0;32m  OK  [0m] Started Raise network interfaces.
[[0;32m  OK  [0m] Reached target Network.
         Starting Initial cloud-init job (metadata service crawler)...
[   60.871826] cloud-init[1019]: Cloud-init v. 17.1 running 'init' at Tue, 05 Dec 2017 08:36:27 +0000. Up 59.34 seconds.
[   60.973164] cloud-init[1019]: ci-info: +++++++++++++++++++++++++++++Net device info++++++++++++++++++++++++++++++[
[0;32m  OK  [0m[   61.090260] ] cloud-initStarted Initial cloud-init job (metadata service crawler).[1019]: ci-info: +---------+------+-----------+---------------+-------+-------------------+
[[0;32m  OK  [0m] 
[   61.192267] Reached target Cloud-config availability.cloud-init[1019]: 
ci-info: |  Device |  Up  |  Address  |      Mask     | Scope |     Hw-Address    |[[0;32m  OK  [0m] Reached target System Initialization.
[   61.295089] 
cloud-init[1019]: ci-info: +---------+------+-----------+---------------+-------+-------------------+[
[0;32m  OK  [0m[   61.369999] ] cloud-initStarted Timer to automatically refresh installed snaps.[1019]: ci-info: | enp0s3: | True | 10.0.2.15 | 255.255.255.0 |   .   | 02:b4:b1:9c:6c:e1 |
[[0;32m  OK  [0m] 
Started Message of the Day.[   61.487426] cloud-init
[1019]:          ci-info: | enp0s3: | True |     .     |       .       |   d   | 02:b4:b1:9c:6c:e1 |Starting Socket activation for snappy daemon.

[   61.584224]          cloud-initStarting LXD - unix socket.[1019]: ci-info: |   lo:   | True | 127.0.0.1 |   255.0.0.0   |   .   |         .         |
[[0;32m  OK  [0m] Started Daily Cleanup of Temporary Directories.
[   61.691405] 
cloud-init[[0;32m  OK  [0m[1019]: ] ci-info: |   lo:   | True |     .     |       .       |   d   |         .         |Listening on D-Bus System Message Bus Socket.
[
[0;32m  OK  [0m[   61.798209] ] cloud-initListening on ACPID Listen Socket.[1019]: ci-info: +---------+------+-----------+---------------+-------+-------------------+
[[0;32m  OK  [0m] 
[   61.902149] Listening on UUID daemon activation socket.cloud-init[1019]: 
ci-info: +++++++++++++++++++++++++++Route IPv4 info++++++++++++++++++++++++++++
[   61.973039] [cloud-init[0;32m  OK  [0m[1019]: ] Started ACPI Events Check.ci-info: +-------+-------------+----------+---------------+-----------+-------+
[[0;32m  OK  [0m] 
Reached target Paths.[   62.089902] cloud-init
[1019]: [[0;32m  OK  [0mci-info: | Route | Destination | Gateway  |    Genmask    | Interface | Flags |] Listening on Socket activation for snappy daemon.

[[   62.200055] [0;32m  OK  [0mcloud-init] Listening on LXD - unix socket.[1019]: ci-info: +-------+-------------+----------+---------------+-----------+-------+
[[0;32m  OK  [0m] Reached target Sockets.

[   62.317260] [[0;32m  OK  [0mcloud-init[1019]: ] Reached target Basic System.ci-info: |   0   |   0.0.0.0   | 10.0.2.2 |    0.0.0.0    |   enp0s3  |   UG  |
         Starting LXD - container startup/shutdown...

[   62.444213]          Starting System Logging Service...cloud-init
[[0;32m  OK  [0m[1019]: ] Started Deferred execution scheduler.ci-info: |   1   |   10.0.2.0  | 0.0.0.0  | 255.255.255.0 |   enp0s3  |   U   |
         Starting Login Service...

[   62.625161] cloud-init[1019]: ci-info: +-------+-------------+----------+---------------+-----------+-------+
         Starting Network Name Resolution...
         Starting Accounts Service...
[[0;32m  OK  [0m] Started ACPI event daemon.
         Starting Snappy daemon...
[[0;32m  OK  [0m] Started Regular background program processing daemon.
         Starting LSB: Record successful boot for GRUB...
[[0;32m  OK  [0m] Started FUSE filesystem for LXC.
[[0;32m  OK  [0m] Started Unattended Upgrades Shutdown.
[[0;32m  OK  [0m] Started D-Bus System Message Bus.
[[0;32m  OK  [0m] Started System Logging Service.
[[0;32m  OK  [0m] Started Login Service.
[[0;32m  OK  [0m] Started Network Name Resolution.
[[0;32m  OK  [0m] Reached target Network is Online.
         Starting OpenBSD Secure Shell server...
         Starting Apply the settings specified in cloud-config...
         Starting iSCSI initiator daemon (iscsid)...
[[0;32m  OK  [0m] Started Daily apt download activities.
[[0;32m  OK  [0m] Started Daily apt upgrade and clean activities.
[[0;32m  OK  [0m] Reached target Timers.
         Starting Authorization Manager...
[[0;32m  OK  [0m] Started Snappy daemon.
[[0;32m  OK  [0m] Started LSB: Record successful boot for GRUB.
[[0;32m  OK  [0m] Started Authorization Manager.
[[0;32m  OK  [0m] Started Accounts Service.
[[0;32m  OK  [0m] Started iSCSI initiator daemon (iscsid).
         Starting Login to default iSCSI targets...
[[0;32m  OK  [0m] Started OpenBSD Secure Shell server.
[[0;32m  OK  [0m] Started Login to default iSCSI targets.
[[0;32m  OK  [0m] Reached target Remote File Systems (Pre).
[[0;32m  OK  [0m] Reached target Remote File Systems.
         Starting LSB: automatic crash report generation...
         Starting Permit User Sessions...
         Starting LSB: daemon to balance interrupts for SMP systems...
         Starting LSB: VirtualBox Linux Additions...
[[0;32m  OK  [0m] Started Permit User Sessions.
         Starting Terminate Plymouth Boot Screen...
         Starting Hold until boot process finishes up...
[[0;32m  OK  [0m] Started Terminate Plymouth Boot Screen.
[[0;32m  OK  [0m] Started Hold until boot process finishes up.
[[0;32m  OK  [0m] Started LSB: daemon to balance interrupts for SMP systems.
[[0;32m  OK  [0m] Started Serial Getty on ttyS0.
         Starting Set console scheme...
[[0;32m  OK  [0m] Started LSB: automatic crash report generation.
[[0;32m  OK  [0m] Started Set console scheme.
[[0;32m  OK  [0m] Created slice system-getty.slice.
[[0;32m  OK  [0m] Started Getty on tty1.
[[0;32m  OK  [0m] Reached target Login Prompts.
[[0;32m  OK  [0m] Started LSB: VirtualBox Linux Additions.
[[0;32m  OK  [0m] Started LXD - container startup/shutdown.
[[0;32m  OK  [0m] Reached target Multi-User System.
[[0;32m  OK  [0m[   69.216804] ] cloud-initReached target Graphical Interface.[1306]: 
         Cloud-init v. 17.1 running 'modules:config' at Tue, 05 Dec 2017 08:36:35 +0000. Up 67.18 seconds.Starting Update UTMP about System Runlevel Changes...

[[0;32m  OK  [0m] Started Update UTMP about System Runlevel Changes.
[[0;32m  OK  [0m] Started Apply the settings specified in cloud-config.
         Starting Execute cloud user/final scripts...
[   71.639527] cloud-init[1593]: Cloud-init v. 17.1 running 'modules:final' at Tue, 05 Dec 2017 08:36:38 +0000. Up 70.70 seconds.
[   71.764812] [[0;32m  OK  [0mcloud-init] Created slice User Slice of ubuntu.[1593]: 
Cloud-init v. 17.1 finished at Tue, 05 Dec 2017 08:36:39 +0000. Datasource DataSourceNoCloud [seed=/dev/sdb][dsmode=net].  Up 71.62 seconds
[[0;32m  OK  [0m] Started Execute cloud user/final scripts.
[[0;32m  OK  [0m] Started Session 1 of user ubuntu.
[[0;32m  OK  [0m] Reached target Cloud-init target.
         Starting Daily apt download activities...
         Starting User Manager for UID 1000...
[[0;32m  OK  [0m] Started User Manager for UID 1000.

Ubuntu 17.04 ubuntu-zesty ttyS0

ubuntu-zesty login: 